Partial/Required:  4.14, Required:    400.0, Partial:  1657.14, Net: _00012_, Pin: _50912_/D, Layer: met1
Partial/Required:  2.89, Required:    400.0, Partial:  1157.73, Net: net34, Pin: output34/A, Layer: met1
Partial/Required:  2.60, Required:    400.0, Partial:  1041.92, Net: delay_line\[13\]\[15\], Pin: _51174_/D, Layer: met1
Partial/Required:  2.19, Required:    400.0, Partial:   877.33, Net: delay_line\[14\]\[0\], Pin: fanout394/A, Layer: met1
Partial/Required:  2.18, Required:    400.0, Partial:   871.67, Net: delay_line\[35\]\[15\], Pin: hold437/A, Layer: met1
Partial/Required:  2.16, Required:    400.0, Partial:   862.22, Net: delay_line\[17\]\[4\], Pin: hold577/A, Layer: met1
Partial/Required:  2.07, Required:    400.0, Partial:   826.11, Net: delay_line\[35\]\[9\], Pin: hold317/A, Layer: met1
Partial/Required:  2.03, Required:    400.0, Partial:    812.0, Net: delay_line\[4\]\[3\], Pin: hold496/A, Layer: met1
Partial/Required:  1.91, Required:    400.0, Partial:   764.89, Net: delay_line\[34\]\[13\], Pin: hold372/A, Layer: met1
Partial/Required:  1.88, Required:    400.0, Partial:   751.11, Net: delay_line\[35\]\[4\], Pin: hold270/A, Layer: met1
Partial/Required:  1.82, Required:    400.0, Partial:   729.69, Net: net768, Pin: _51515_/D, Layer: met1
Partial/Required:  1.80, Required:    400.0, Partial:   719.69, Net: net888, Pin: _50976_/D, Layer: met1
Partial/Required:  1.73, Required:    400.0, Partial:   692.44, Net: delay_line\[35\]\[2\], Pin: hold309/A, Layer: met1
Partial/Required:  1.69, Required:    400.0, Partial:   675.89, Net: _10767_, Pin: _46044_/A, Layer: met1
Partial/Required:  1.63, Required:    400.0, Partial:   653.78, Net: _08279_, Pin: _36183_/A_N, Layer: met1
Partial/Required:  1.59, Required:    400.0, Partial:   635.44, Net: delay_line\[35\]\[6\], Pin: _48576_/A, Layer: met1
Partial/Required:  1.54, Required:    400.0, Partial:   617.22, Net: _16378_, Pin: _43457_/B, Layer: met1
Partial/Required:  1.54, Required:    400.0, Partial:   615.25, Net: net1082, Pin: _51224_/D, Layer: met1
Partial/Required:  1.51, Required:    400.0, Partial:   604.92, Net: net1019, Pin: _51179_/D, Layer: met1
Partial/Required:  1.47, Required:    400.0, Partial:   589.36, Net: net661, Pin: _51177_/D, Layer: met1
Partial/Required:  1.45, Required:    400.0, Partial:   581.62, Net: delay_line\[14\]\[2\], Pin: _49471_/A, Layer: met1
Partial/Required:  1.44, Required:    400.0, Partial:   577.44, Net: delay_line\[35\]\[10\], Pin: hold353/A, Layer: met1
Partial/Required:  1.42, Required:    400.0, Partial:   566.33, Net: delay_line\[14\]\[10\], Pin: hold606/A, Layer: met1
Partial/Required:  1.34, Required:    400.0, Partial:    538.0, Net: _14527_, Pin: _42040_/A_N, Layer: met1
Partial/Required:  1.31, Required:    400.0, Partial:   525.22, Net: delay_line\[1\]\[7\], Pin: hold417/A, Layer: met1
Partial/Required:  1.31, Required:    400.0, Partial:   524.34, Net: _01908_, Pin: _45209_/A1, Layer: met1
Partial/Required:  1.31, Required:    400.0, Partial:   523.06, Net: _11556_, Pin: _39113_/A1, Layer: met1
Partial/Required:  1.29, Required:    400.0, Partial:   517.74, Net: delay_line\[23\]\[12\], Pin: _31796_/A, Layer: met1
Partial/Required:  1.29, Required:    400.0, Partial:   515.89, Net: delay_line\[35\]\[6\], Pin: hold299/A, Layer: met1
Partial/Required:  1.26, Required:    400.0, Partial:   505.67, Net: delay_line\[4\]\[2\], Pin: hold525/A, Layer: met1
Partial/Required:  1.23, Required:    400.0, Partial:   491.69, Net: net654, Pin: _51171_/D, Layer: met1
Partial/Required:  1.17, Required:    400.0, Partial:   467.36, Net: _00009_, Pin: _50909_/D, Layer: met1
Partial/Required:  1.12, Required:    400.0, Partial:   449.36, Net: _09997_, Pin: _37762_/B_N, Layer: met2
Partial/Required:  1.12, Required:    400.0, Partial:   449.36, Net: _09997_, Pin: _37761_/A, Layer: met2
Partial/Required:  1.11, Required:    400.0, Partial:   445.44, Net: delay_line\[1\]\[12\], Pin: hold141/A, Layer: met1
Partial/Required:  1.07, Required:    400.0, Partial:   428.36, Net: clknet_4_12__leaf_clk, Pin: _50977_/CLK, Layer: met1
Partial/Required:  1.07, Required:    400.0, Partial:   427.58, Net: net1128, Pin: _51230_/D, Layer: met1
Partial/Required:  1.04, Required:    400.0, Partial:   416.22, Net: delay_line\[16\]\[13\], Pin: _37616_/B, Layer: met1
Partial/Required:  1.03, Required:    400.0, Partial:    411.8, Net: _12693_, Pin: _40137_/A2, Layer: met1
Partial/Required:  1.02, Required:    400.0, Partial:   407.44, Net: delay_line\[28\]\[14\], Pin: hold175/A, Layer: met1
Partial/Required:  1.01, Required:    400.0, Partial:   403.03, Net: net884, Pin: _51165_/D, Layer: met1
Partial/Required:  1.01, Required:    400.0, Partial:   403.03, Net: net1064, Pin: _51162_/D, Layer: met1
Partial/Required:  1.00, Required:    400.0, Partial:   401.33, Net: _12694_, Pin: _40137_/A3, Layer: met1
